2026-09-21 05:59:58,850 - INFO - Matplotlib 字体设置：使用回退字体列表，首选可用字体: Noto Sans CJK SC
2026-09-21 06:00:00,778 - INFO - 使用指定 ChromeDriver: /usr/bin/chromedriver
2026-09-21 06:00:00,898 - INFO - ddddocr 识别器初始化成功
2026-09-21 06:00:01,074 - INFO - captcha-recognizer 滑块识别模型初始化成功
2026-09-21 06:00:01,075 - INFO - 开始南京大学电费监控流程（自动无头模式）
2026-09-21 06:00:01,075 - INFO - 已初始化并清空验证码图片目录: /home/runner/work/nju_electric_monitor/nju_electric_monitor/src/../data/captcha_workflow
2026-09-21 06:00:01,075 - INFO - 正在打开页面: https://epay.nju.edu.cn/epay/h5/nju/electric/index
2026-09-21 06:00:07,998 - INFO - 等待登录表单加载...
2026-09-21 06:00:08,402 - INFO - 登录表单已加载
2026-09-21 06:00:08,402 - INFO - 开始填写登录表单...
2026-09-21 06:00:08,479 - INFO - 用户名填写完成
2026-09-21 06:00:08,548 - INFO - 密码填写完成
2026-09-21 06:00:08,581 - INFO - 未检测到任何验证方式
2026-09-21 06:00:08,581 - INFO - 登录前验证方式检测: none
2026-09-21 06:00:08,581 - INFO - 未检测到传统验证码，点击登录按钮...
2026-09-21 06:00:08,581 - INFO - 查找并点击登录按钮...
2026-09-21 06:00:08,600 - INFO - 通过 ID=login_submit 找到登录按钮
2026-09-21 06:00:08,647 - INFO - 已点击登录按钮
2026-09-21 06:00:15,671 - INFO - 检测到滑块验证（sliderDiv）
2026-09-21 06:00:15,671 - INFO - 登录后验证方式检测: slider
2026-09-21 06:00:15,671 - INFO - 开始处理滑块验证...
2026-09-21 06:00:17,183 - INFO - 滑块验证第 1/3 轮尝试
2026-09-21 06:00:17,537 - INFO - 滑块缺口 box=[168,12,213,50], confidence=0.954, 截图=278px, DOM=278px, 缩放=1.00x, 拖拽偏移=168px
2026-09-21 06:00:17,537 - INFO - 滑块拖拽尝试 1/2 (偏移=168px)
2026-09-21 06:00:35,166 - WARNING - 滑块拖拽第 1 次未通过验证
2026-09-21 06:00:36,167 - INFO - 滑块拖拽尝试 2/2 (偏移=168px)
2026-09-21 06:00:53,629 - WARNING - 滑块拖拽第 2 次未通过验证
2026-09-21 06:00:53,630 - ERROR - 滑块验证 2 次尝试均失败
2026-09-21 06:00:53,630 - WARNING - 第 1 轮滑块拖拽失败
2026-09-21 06:00:54,630 - INFO - 滑块验证第 2/3 轮尝试
2026-09-21 06:00:54,930 - INFO - 滑块缺口 box=[123,87,164,126], confidence=0.947, 截图=280px, DOM=280px, 缩放=1.00x, 拖拽偏移=123px
2026-09-21 06:00:54,930 - INFO - 滑块拖拽尝试 1/2 (偏移=123px)
2026-09-21 06:01:15,177 - INFO - 滑块验证通过（sliderDiv 元素不存在）
2026-09-21 06:01:15,177 - INFO - 滑块验证第 2 轮成功
2026-09-21 06:01:15,177 - INFO - 等待登录成功...
2026-09-21 06:01:15,188 - INFO - 检测到已跳转到电费页面: https://epay.nju.edu.cn/epay/h5/nju/electric/index
2026-09-21 06:01:15,188 - INFO - 查找'去充值'按钮...
2026-09-21 06:01:15,207 - INFO - 通过文本包含 '去充值' 找到充值按钮
2026-09-21 06:01:16,834 - INFO - 已点击充值按钮
2026-09-21 06:01:19,834 - INFO - 开始提取剩余电量信息...
2026-09-21 06:01:19,851 - INFO - 找到电量信息元素（已省略具体文本以保护隐私）
2026-09-21 06:01:19,851 - WARNING - 未在元素中找到标准格式的电量信息
2026-09-21 06:01:19,861 - INFO - 找到 i 标签中的电量信息（已省略具体文本）
2026-09-21 06:01:19,862 - WARNING - i标签中未找到标准格式的电量信息
2026-09-21 06:01:19,862 - WARNING - 未找到i标签中的电量信息
2026-09-21 06:01:19,864 - INFO - 在页面源码中查找电量信息...
2026-09-21 06:01:19,865 - INFO - 从页面源码中提取到剩余电量: 541.1 度
2026-09-21 06:01:19,873 - INFO - 数据已保存: 541.1 度
2026-09-21 06:01:20,128 - INFO - 电量变化曲线图已保存到: /home/runner/work/nju_electric_monitor/nju_electric_monitor/src/../data/electricity_trend.png
2026-09-21 06:01:20,382 - INFO - 最近20次电量变化曲线图已保存到: /home/runner/work/nju_electric_monitor/nju_electric_monitor/src/../data/recent_20_changes.png
2026-09-21 06:01:20,383 - INFO - 当前剩余电量 541.1 度，高于告警阈值 15.0 度，不发送邮件
2026-09-21 06:01:20,383 - INFO - 监控流程完成
