2026-09-20 16:44:11,830 - INFO - Matplotlib 字体设置：使用回退字体列表，首选可用字体: Noto Sans CJK SC
2026-09-20 16:44:14,076 - INFO - 使用指定 ChromeDriver: /usr/bin/chromedriver
2026-09-20 16:44:14,186 - INFO - ddddocr 识别器初始化成功
2026-09-20 16:44:14,369 - INFO - captcha-recognizer 滑块识别模型初始化成功
2026-09-20 16:44:14,369 - INFO - 开始南京大学电费监控流程（自动无头模式）
2026-09-20 16:44:14,369 - INFO - 已初始化并清空验证码图片目录: /home/runner/work/nju_electric_monitor/nju_electric_monitor/src/../data/captcha_workflow
2026-09-20 16:44:14,369 - INFO - 正在打开页面: https://epay.nju.edu.cn/epay/h5/nju/electric/index
2026-09-20 16:44:28,841 - INFO - 等待登录表单加载...
2026-09-20 16:44:28,849 - INFO - 登录表单已加载
2026-09-20 16:44:28,849 - INFO - 开始填写登录表单...
2026-09-20 16:44:28,923 - INFO - 用户名填写完成
2026-09-20 16:44:28,991 - INFO - 密码填写完成
2026-09-20 16:44:29,023 - INFO - 未检测到任何验证方式
2026-09-20 16:44:29,023 - INFO - 登录前验证方式检测: none
2026-09-20 16:44:29,024 - INFO - 未检测到传统验证码，点击登录按钮...
2026-09-20 16:44:29,024 - INFO - 查找并点击登录按钮...
2026-09-20 16:44:29,043 - INFO - 通过 ID=login_submit 找到登录按钮
2026-09-20 16:44:29,089 - INFO - 已点击登录按钮
2026-09-20 16:44:36,116 - INFO - 检测到滑块验证（sliderDiv）
2026-09-20 16:44:36,116 - INFO - 登录后验证方式检测: slider
2026-09-20 16:44:36,116 - INFO - 开始处理滑块验证...
2026-09-20 16:44:37,629 - INFO - 滑块验证第 1/3 轮尝试
2026-09-20 16:44:37,976 - INFO - 滑块缺口 box=[84,87,125,125], confidence=0.952, 截图=278px, DOM=278px, 缩放=1.00x, 拖拽偏移=84px
2026-09-20 16:44:37,976 - INFO - 滑块拖拽尝试 1/2 (偏移=84px)
2026-09-20 16:44:55,403 - INFO - 滑块验证通过（sliderDiv 元素不存在）
2026-09-20 16:44:55,403 - INFO - 滑块验证第 1 轮成功
2026-09-20 16:44:55,403 - INFO - 等待登录成功...
2026-09-20 16:44:55,413 - INFO - 检测到已跳转到电费页面: https://epay.nju.edu.cn/epay/h5/nju/electric/index
2026-09-20 16:44:55,413 - INFO - 查找'去充值'按钮...
2026-09-20 16:44:55,432 - INFO - 通过文本包含 '去充值' 找到充值按钮
2026-09-20 16:44:58,138 - INFO - 已点击充值按钮
2026-09-20 16:45:01,138 - INFO - 开始提取剩余电量信息...
2026-09-20 16:45:01,154 - INFO - 找到电量信息元素（已省略具体文本以保护隐私）
2026-09-20 16:45:01,155 - WARNING - 未在元素中找到标准格式的电量信息
2026-09-20 16:45:01,165 - INFO - 找到 i 标签中的电量信息（已省略具体文本）
2026-09-20 16:45:01,165 - WARNING - i标签中未找到标准格式的电量信息
2026-09-20 16:45:01,165 - WARNING - 未找到i标签中的电量信息
2026-09-20 16:45:01,168 - INFO - 在页面源码中查找电量信息...
2026-09-20 16:45:01,168 - INFO - 从页面源码中提取到剩余电量: 543.12 度
2026-09-20 16:45:01,177 - INFO - 数据已保存: 543.12 度
2026-09-20 16:45:01,433 - INFO - 电量变化曲线图已保存到: /home/runner/work/nju_electric_monitor/nju_electric_monitor/src/../data/electricity_trend.png
2026-09-20 16:45:01,687 - INFO - 最近20次电量变化曲线图已保存到: /home/runner/work/nju_electric_monitor/nju_electric_monitor/src/../data/recent_20_changes.png
2026-09-20 16:45:01,687 - INFO - 当前剩余电量 543.12 度，高于告警阈值 15.0 度，不发送邮件
2026-09-20 16:45:01,687 - INFO - 监控流程完成
